// Jest Snapshot v1, https://goo.gl/fbAQLP

exports[`PlaceCard correctly renders after relaunch 1`] = `
<article
  className="cities__place-card place-card"
  onMouseEnter={[Function]}
  onMouseLeave={[Function]}
>
  
  <div
    className="cities__image-wrapper__image-wrapper place-card__image-wrapper"
  >
    <a
      href="/offer/1"
      onClick={[Function]}
    >
      <img
        alt="Place image"
        className="place-card__image"
        height="200"
        src="img/apartment-01.jpg"
        width="260"
      />
    </a>
  </div>
  <div
    className=" place-card__info"
  >
    <div
      className="place-card__price-wrapper"
    >
      <div
        className="place-card__price"
      >
        <b
          className="place-card__price-value"
        >
          €
          120
        </b>
        <span
          className="place-card__price-text"
        >
          / night
        </span>
      </div>
      <<div />
        classNamePrefix="place-card"
        iconHeight={19}
        iconWidth={18}
        isFavorite={false}
        offerId={1}
      />
    </div>
    <div
      className="place-card__rating rating"
    >
      <div
        className="place-card__stars rating__stars"
      >
        <span
          style={
            Object {
              "width": "undefined%",
            }
          }
        />
        <span
          className="visually-hidden"
        >
          Rating
        </span>
      </div>
    </div>
    <h2
      className="place-card__name"
      onClick={[MockFunction]}
    >
      <a
        href="/offer/1"
        onClick={[Function]}
      >
        Beautiful &amp; luxurious apartment at great location
      </a>
    </h2>
    <p
      className="place-card__type"
    >
      apartment
    </p>
  </div>
</article>
`;
